features/multiplayer/components/race.tsx(156,48): error TS2339: Property 'startTimeRef' does not exist on type '{ countdown: number | null; setCountdown: Dispatch<SetStateAction<number | null>>; timeLeft: number; startRef: RefObject<number | null>; }'.

